42 
1608637542 
1952926171 
478008666 
3503288686 
4133889623 
2322229210 
3153768791 
2195511070 
718658561 
+------------------------------------------------------+
| MLLM Memory Report                                   |
+------------------------------------------------------+
| Device: CPU                                          |
+------------------------------------------------------+
| Object Memory Hit Times: 0                           |
| Object Memory Cached Times: 0                        |
+------------------------------------------------------+
| address: 0x7f2fa6ad6000, cap:  128MB, used:    0MB      |
+------------------------------------------------------+

